     +--------------------------------------------------------------------+
     ¦                • MobaXterm Personal Edition v23.6 •                ¦
     ¦              (X server, SSH client and network tools)              ¦
     ¦                                                                    ¦
     ¦ ? Your computer drives are accessible through the /drives path     ¦
     ¦ ? Your DISPLAY is set to 10.110.242.236:0.0                        ¦
     ¦ ? When using SSH, your remote DISPLAY is automatically forwarded   ¦
     ¦ ? Your HOME folder is not persistent: it will be erased on restart ¦
     ¦ ? Each command status is specified by a special symbol (? or ?)    ¦
     ¦                                                                    ¦
     ¦ • Important:                                                       ¦
     ¦ This is MobaXterm Personal Edition. The Professional edition       ¦
     ¦ allows you to customize MobaXterm for your company: you can add    ¦
     ¦ your own logo, your parameters, your welcome message and generate  ¦
     ¦ either an MSI installation package or a portable executable.       ¦
     ¦ We can also modify MobaXterm or develop the plugins you need.      ¦
     ¦ For more information: https://mobaxterm.mobatek.net/download.html  ¦
     +--------------------------------------------------------------------+

 ? 10/01/2024 ? ? 10:38.53 ? ? /home/mobaxterm ? ssh hudson.ka@login.discovery.neu.edu
Warning: Permanently added 'login.discovery.neu.edu' (ED25519) to the list of known hosts.
hudson.ka@login.discovery.neu.edu's password:
Last login: Mon Jan  8 16:36:21 2024 from c-71-235-255-87.hsd1.ma.comcast.net
+-----------------------------------------------------------+
| You're now connected to the Discovery cluster. Visit our  |
| website http://rc.northeastern.edu/support for links to   |
| our service catalog, documentation, training, and consul- |
| tations. You can also email us at rchelp@northeastern.edu |
| to generate a help ticket.                                |
|                                                           |
| The Research Computing Team                               |
+-----------------------------------------------------------+

[hudson.ka@login-00 ~]$ ls
Biol3411_Assignments  ondemand
[hudson.ka@login-00 ~]$ ls /onedemand/
ls: cannot access /onedemand/: No such file or directory
[hudson.ka@login-00 ~]$ ls /ondemand/
ls: cannot access /ondemand/: No such file or directory
[hudson.ka@login-00 ~]$ ls ~/ondemand/
dev
[hudson.ka@login-00 ~]$ pwd
/home/hudson.ka
[hudson.ka@login-00 ~]$ ls /
bin      datasets  gpfs     lib    mnt   proj      root  scratch  sys  var
boot     dev       home     lib64  opt   projects  run   shared   tmp  work
courses  etc       include  media  proc  research  sbin  srv      usr  xcatpost
[hudson.ka@login-00 ~]$ pwd
/home/hudson.ka
[hudson.ka@login-00 ~]$ mkdir Biol3411_Assignments/Learning_unix
[hudson.ka@login-00 ~]$ ls Biol3411_Assignments
Learning_unix
[hudson.ka@login-00 ~]$ cd Biol3411_Assignments/Learning_unix
[hudson.ka@login-00 Learning_unix]$ pwd
/home/hudson.ka/Biol3411_Assignments/Learning_unix
[hudson.ka@login-00 Learning_unix]$ mkdir Outer_directory
[hudson.ka@login-00 Learning_unix]$ cd Outer_directory
[hudson.ka@login-00 Outer_directory]$ pwd
/home/hudson.ka/Biol3411_Assignments/Learning_unix/Outer_directory
[hudson.ka@login-00 Outer_directory]$ mkdir Inner_directory
[hudson.ka@login-00 Outer_directory]$ cd Inner_directory
[hudson.ka@login-00 Inner_directory]$ pwd
/home/hudson.ka/Biol3411_Assignments/Learning_unix/Outer_directory/Inner_directory
[hudson.ka@login-00 Inner_directory]$ mkdir -h
mkdir: invalid option -- 'h'
Try 'mkdir --help' for more information.
[hudson.ka@login-00 Inner_directory]$ mkdir --help
Usage: mkdir [OPTION]... DIRECTORY...
Create the DIRECTORY(ies), if they do not already exist.

Mandatory arguments to long options are mandatory for short options too.
  -m, --mode=MODE   set file mode (as in chmod), not a=rwx - umask
  -p, --parents     no error if existing, make parent directories as needed
  -v, --verbose     print a message for each created directory
  -Z                   set SELinux security context of each created directory
                         to the default type
      --context[=CTX]  like -Z, or if CTX is specified then set the SELinux
                         or SMACK security context to CTX
      --help     display this help and exit
      --version  output version information and exit

GNU coreutils online help: <http://www.gnu.org/software/coreutils/>
For complete documentation, run: info coreutils 'mkdir invocation'
[hudson.ka@login-00 Inner_directory]$ man ls
[hudson.ka@login-00 Inner_directory]$ man man
[hudson.ka@login-00 Inner_directory]$ cd /
[hudson.ka@login-00 /]$ cd home
[hudson.ka@login-00 home]$ cd hudson.ka
[hudson.ka@login-00 ~]$ pwd
/home/hudson.ka
[hudson.ka@login-00 ~]$ cd /home/hudson.ka/Biol3411_Assignments/Learning_unix
[hudson.ka@login-00 Learning_unix]$ pwd
/home/hudson.ka/Biol3411_Assignments/Learning_unix
[hudson.ka@login-00 Learning_unix]$ cd /home/hudson.ka
[hudson.ka@login-00 ~]$ pwd
/home/hudson.ka
[hudson.ka@login-00 ~]$ cd /home/hudson.ka/Biol3411_Assignments/Learning_unix
[hudson.ka@login-00 Learning_unix]$ cd ..
[hudson.ka@login-00 Biol3411_Assignments]$ cd ..
[hudson.ka@login-00 ~]$ cd ..
[hudson.ka@login-00 home]$
[hudson.ka@login-00 home]$ cd /home/hudson.ka/Biol3411_Assignments/Learning_unix
[hudson.ka@login-00 Learning_unix]$ cd ../../..
[hudson.ka@login-00 home]$ pwd
/home
[hudson.ka@login-00 home]$ cd /home/hudson.ka/Biol3411_Assignments/Learning_unix
[hudson.ka@login-00 Learning_unix]$ cd ../../../../tmp
[hudson.ka@login-00 tmp]$ pwd
/tmp
[hudson.ka@login-00 tmp]$ cd /
[hudson.ka@login-00 /]$ pwd
/
[hudson.ka@login-00 /]$ cd ~
[hudson.ka@login-00 ~]$ pwd
/home/hudson.ka
[hudson.ka@login-00 ~]$ cd
[hudson.ka@login-00 ~]$ pwd
/home/hudson.ka
[hudson.ka@login-00 ~]$ cd -
/home/hudson.ka
[hudson.ka@login-00 ~]$ pwd
/home/hudson.ka
[hudson.ka@login-00 ~]$ cd /
[hudson.ka@login-00 /]$ pwd
/
[hudson.ka@login-00 /]$ cd
[hudson.ka@login-00 ~]$ pwd
/home/hudson.ka
[hudson.ka@login-00 ~]$ cd /
[hudson.ka@login-00 /]$ cd ~/Biol3411_Assignments/Learning_unix
[hudson.ka@login-00 Learning_unix]$ pwd
/home/hudson.ka/Biol3411_Assignments/Learning_unix
[hudson.ka@login-00 Learning_unix]$ cd Outer_directory
[hudson.ka@login-00 Outer_directory]$ pwd
/home/hudson.ka/Biol3411_Assignments/Learning_unix/Outer_directory
[hudson.ka@login-00 Outer_directory]$ ls ../../
Learning_unix
[hudson.ka@login-00 Outer_directory]$ ls -l /home
	OUTPUT MODIFIED FOR BREVITY- SEE previous_versions directory for full output
[hudson.ka@login-00 Outer_directory]$ ls -l /home/hudson.ka
total 0
drwxr-xr-x 2 hudson.ka users 4096 Jan 10 11:01 Biol3411_Assignments
drwxr-xr-x 2 hudson.ka users 4096 Apr 10  2023 ondemand
[hudson.ka@login-00 Outer_directory]$ ls -R /home/hudson.ka
/home/hudson.ka:
Biol3411_Assignments  ondemand

/home/hudson.ka/Biol3411_Assignments:
Learning_unix

/home/hudson.ka/Biol3411_Assignments/Learning_unix:
Outer_directory

/home/hudson.ka/Biol3411_Assignments/Learning_unix/Outer_directory:
Inner_directory

/home/hudson.ka/Biol3411_Assignments/Learning_unix/Outer_directory/Inner_directory:

/home/hudson.ka/ondemand:
dev

/home/hudson.ka/ondemand/dev:
ReadMe.md
[hudson.ka@login-00 Outer_directory]$ ls -l -t -r /home/hudson.ka
total 0
drwxr-xr-x 2 hudson.ka users 4096 Apr 10  2023 ondemand
drwxr-xr-x 2 hudson.ka users 4096 Jan 10 11:01 Biol3411_Assignments
[hudson.ka@login-00 Outer_directory]$ ls -lh /home/hudson.ka
total 0
drwxr-xr-x 2 hudson.ka users 4.0K Jan 10 11:01 Biol3411_Assignments
drwxr-xr-x 2 hudson.ka users 4.0K Apr 10  2023 ondemand
[hudson.ka@login-00 Outer_directory]$ cd ~/Biol3411_Assignments/Learning_unix/Outer_directory
[hudson.ka@login-00 Outer_directory]$ pwd
/home/hudson.ka/Biol3411_Assignments/Learning_unix/Outer_directory
[hudson.ka@login-00 Outer_directory]$ rmdir Inner_dictionary/
rmdir: failed to remove ‘Inner_dictionary/’: No such file or directory
[hudson.ka@login-00 Outer_directory]$ ls
Inner_directory
[hudson.ka@login-00 Outer_directory]$ rmdir Inner_directory/
[hudson.ka@login-00 Outer_directory]$ ls
[hudson.ka@login-00 Outer_directory]$ cd ..
[hudson.ka@login-00 Learning_unix]$ pwd
/home/hudson.ka/Biol3411_Assignments/Learning_unix
[hudson.ka@login-00 Learning_unix]$ rmdir Outer_directory/
[hudson.ka@login-00 Learning_unix]$ ls
[hudson.ka@login-00 Learning_unix]$ mkdir --help
Usage: mkdir [OPTION]... DIRECTORY...
Create the DIRECTORY(ies), if they do not already exist.

Mandatory arguments to long options are mandatory for short options too.
  -m, --mode=MODE   set file mode (as in chmod), not a=rwx - umask
  -p, --parents     no error if existing, make parent directories as needed
  -v, --verbose     print a message for each created directory
  -Z                   set SELinux security context of each created directory
                         to the default type
      --context[=CTX]  like -Z, or if CTX is specified then set the SELinux
                         or SMACK security context to CTX
      --help     display this help and exit
      --version  output version information and exit

GNU coreutils online help: <http://www.gnu.org/software/coreutils/>
For complete documentation, run: info coreutils 'mkdir invocation'
[hudson.ka@login-00 Learning_unix]$ mkdir -p Outer_directory/Inner_directory
[hudson.ka@login-00 Learning_unix]$ ls
Outer_directory
[hudson.ka@login-00 Learning_unix]$ cd Outer_directory
[hudson.ka@login-00 Outer_directory]$ ls
Inner_directory
[hudson.ka@login-00 Outer_directory]$ cd ../../
[hudson.ka@login-00 Biol3411_Assignments]$ cd Learning_unix
[hudson.ka@login-00 Learning_unix]$ pwd
/home/hudson.ka/Biol3411_Assignments/Learning_unix
[hudson.ka@login-00 Learning_unix]$ rmdir Outer_directory/
rmdir: failed to remove ‘Outer_directory/’: Directory not empty
[hudson.ka@login-00 Learning_unix]$ rmdir --help
Usage: rmdir [OPTION]... DIRECTORY...
Remove the DIRECTORY(ies), if they are empty.

      --ignore-fail-on-non-empty
                  ignore each failure that is solely because a directory
                    is non-empty
  -p, --parents   remove DIRECTORY and its ancestors; e.g., 'rmdir -p a/b/c' is
                    similar to 'rmdir a/b/c a/b a'
  -v, --verbose   output a diagnostic for every directory processed
      --help     display this help and exit
      --version  output version information and exit

GNU coreutils online help: <http://www.gnu.org/software/coreutils/>
For complete documentation, run: info coreutils 'rmdir invocation'
[hudson.ka@login-00 Learning_unix]$ man rmdir
[hudson.ka@login-00 Learning_unix]$ rmdir Outer_directory/Inner_directory Inner_directory
rmdir: failed to remove ‘Inner_directory’: No such file or directory
[hudson.ka@login-00 Learning_unix]$ ls
Outer_directory
[hudson.ka@login-00 Learning_unix]$ ls Outer_directory
[hudson.ka@login-00 Learning_unix]$ mkdir Outer_directory/Inner_directory
[hudson.ka@login-00 Learning_unix]$ ls
Outer_directory
[hudson.ka@login-00 Learning_unix]$ ls Outer_directory
Inner_directory
[hudson.ka@login-00 Learning_unix]$ pwd
/home/hudson.ka/Biol3411_Assignments/Learning_unix
[hudson.ka@login-00 Learning_unix]$ cd ..
[hudson.ka@login-00 Biol3411_Assignments]$ rmdir-p  Learning_unix/Outer_directory/Inner_directory
-bash: rmdir-p: command not found
[hudson.ka@login-00 Biol3411_Assignments]$ rmdir -p Learning_unix/Outer_directory/Inner_directory
[hudson.ka@login-00 Biol3411_Assignments]$ ls
[hudson.ka@login-00 Biol3411_Assignments]$
[hudson.ka@login-00 Biol3411_Assignments]$ l
Display all 125 possibilities? (y or n)
[hudson.ka@login-00 Biol3411_Assignments]$ cd ~
[hudson.ka@login-00 ~]$ pwd
/home/hudson.ka
[hudson.ka@login-00 ~]$ cd Biol3411_Assignments
[hudson.ka@login-00 Biol3411_Assignments]$ cd Learning_unix
-bash: cd: Learning_unix: No such file or directory
[hudson.ka@login-00 Biol3411_Assignments]$ ls Biol3411_Assignments
ls: cannot access Biol3411_Assignments: No such file or directory
[hudson.ka@login-00 Biol3411_Assignments]$ cd ..
[hudson.ka@login-00 ~]$ ls Biol3411_Assignments
[hudson.ka@login-00 ~]$ mkdir Learning_unix
[hudson.ka@login-00 ~]$ ls Biol3411_Assignments
[hudson.ka@login-00 ~]$ pwd
/home/hudson.ka
[hudson.ka@login-00 ~]$ ls
Biol3411_Assignments  Learning_unix  ondemand
[hudson.ka@login-00 ~]$ rmdir Learning_unix
[hudson.ka@login-00 ~]$ ls
Biol3411_Assignments  ondemand
[hudson.ka@login-00 ~]$ mkdir Biol3411_Assignments/Learning_unix
[hudson.ka@login-00 ~]$ ls
Biol3411_Assignments  ondemand
[hudson.ka@login-00 ~]$ cd Biol3411_Assignments
[hudson.ka@login-00 Biol3411_Assignments]$ ls
Learning_unix
[hudson.ka@login-00 Biol3411_Assignments]$ cd ~
[hudson.ka@login-00 ~]$ pwd
/home/hudson.ka
[hudson.ka@login-00 ~]$ cd Biol3411_Assignments/Learning_unix
[hudson.ka@login-00 Learning_unix]$ pwd
/home/hudson.ka/Biol3411_Assignments/Learning_unix
[hudson.ka@login-00 Learning_unix]$ history
    1  pwd
    2  mkdir Biol3411_Assignments
    3  ls
    4  cd
    5  ls
    6  pwd
    7  ls
    8  ls /onedemand/
    9  ls /ondemand/
   10  ls ~/ondemand/
   11  pwd
   12  ls /
   13  pwd
   14  mkdir Biol3411_Assignments/Learning_unix
   15  ls Biol3411_Assignments
   16  cd Biol3411_Assignments/Learning_unix
   17  pwd
   18  mkdir Outer_directory
   19  cd Outer_directory
   20  pwd
   21  mkdir Inner_directory
   22  cd Inner_directory
   23  pwd
   24  mkdir -h
   25  mkdir --help
   26  man ls
   27  man man
   28  cd /
   29  cd home
   30  cd hudson.ka
   31  pwd
   32  cd /home/hudson.ka/Biol3411_Assignments/Learning_unix
   33  pwd
   34  cd /home/hudson.ka
   35  pwd
   36  cd /home/hudson.ka/Biol3411_Assignments/Learning_unix
   37  cd ..
   38  cd /home/hudson.ka/Biol3411_Assignments/Learning_unix
   39  cd ../../..
   40  pwd
   41  cd /home/hudson.ka/Biol3411_Assignments/Learning_unix
   42  cd ../../../../tmp
   43  pwd
   44  cd /
   45  pwd
   46  cd ~
   47  pwd
   48  cd
   49  pwd
   50  cd -
   51  pwd
   52  cd /
   53  pwd
   54  cd
   55  pwd
   56  cd /
   57  cd ~/Biol3411_Assignments/Learning_unix
   58  pwd
   59  cd Outer_directory
   60  pwd
   61  ls ../../
   62  ls -l /home
   63  ls -l /home/hudson.ka
   64  ls -R /home/hudson.ka
   65  ls -l -t -r /home/hudson.ka
   66  ls -lh /home/hudson.ka
   67  cd ~/Biol3411_Assignments/Learning_unix/Outer_directory
   68  pwd
   69  rmdir Inner_dictionary/
   70  ls
   71  rmdir Inner_directory/
   72  ls
   73  cd ..
   74  pwd
   75  rmdir Outer_directory/
   76  ls
   77  mkdir --help
   78  mkdir -p Outer_directory/Inner_directory
   79  ls
   80  cd Outer_directory
   81  ls
   82  cd ../../
   83  cd Learning_unix
   84  pwd
   85  rmdir Outer_directory/
   86  rmdir --help
   87  man rmdir
   88  rmdir Outer_directory/Inner_directory Inner_directory
   89  ls
   90  ls Outer_directory
   91  mkdir Outer_directory/Inner_directory
   92  ls
   93  ls Outer_directory
   94  pwd
   95  cd ..
   96  rmdir-p  Learning_unix/Outer_directory/Inner_directory
   97  rmdir -p Learning_unix/Outer_directory/Inner_directory
   98  ls
   99  cd ~
  100  pwd
  101  cd Biol3411_Assignments
  102  cd Learning_unix
  103  ls Biol3411_Assignments
  104  cd ..
  105  ls Biol3411_Assignments
  106  mkdir Learning_unix
  107  ls Biol3411_Assignments
  108  pwd
  109  ls
  110  rmdir Learning_unix
  111  ls
  112  mkdir Biol3411_Assignments/Learning_unix
  113  ls
  114  cd Biol3411_Assignments
  115  ls
  116  cd ~
  117  pwd
  118  cd Biol3411_Assignments/Learning_unix
  119  pwd
  120  history
[hudson.ka@login-00 Learning_unix]$
